Testing POST /contact...
Response: { success: true, id: 7 }
Γ£à Contact test passed

Testing POST /donate...
Response: { success: true, id: 5 }
Γ£à Donate test passed

Testing GET /programs...
Response: Got 4 programs
Γ£à Programs test passed

Testing GET /contacts...
